
> tasks@0.1.0 test
> react-scripts test --coverage

Browserslist: caniuse-lite is outdated. Please run:
  npx browserslist@latest --update-db
  Why you should do it regularly: https://github.com/browserslist/browserslist#browsers-data-updating
PASS src/quizzer/Quizzer.test.tsx
  ● Console

    console.error
      Warning: Each child in a list should have a unique "key" prop.
      
      Check the render method of `QuizList`. See https://reactjs.org/link/warning-keys for more information.
          at div
          at QuizList (/home/runner/work/quizzer/quizzer/src/quizzer/QuizList.tsx:9:5)
          at div
          at Quizzer (/home/runner/work/quizzer/quizzer/src/quizzer/Quizzer.tsx:24:35)

      27 |
      28 |     return (
    > 29 |         <div className="quiz_list">
         |         ^
      30 |             {!displayId && (
      31 |                 <>
      32 |                     {quizzes.map((quiz: Quiz) => (

      at printWarning (node_modules/react/cjs/react-jsx-dev-runtime.development.js:117:30)
      at error (node_modules/react/cjs/react-jsx-dev-runtime.development.js:93:5)
      at validateExplicitKey (node_modules/react/cjs/react-jsx-dev-runtime.development.js:986:5)
      at validateChildKeys (node_modules/react/cjs/react-jsx-dev-runtime.development.js:1013:11)
      at jsxWithValidation (node_modules/react/cjs/react-jsx-dev-runtime.development.js:1174:15)
      at QuizList (src/quizzer/QuizList.tsx:29:9)
      at renderWithHooks (node_modules/react-dom/cjs/react-dom.development.js:14985:18)
      at mountIndeterminateComponent (node_modules/react-dom/cjs/react-dom.development.js:17811:13)

PASS src/App.test.tsx
  ● Console

    console.error
      Warning: Each child in a list should have a unique "key" prop.
      
      Check the render method of `QuizList`. See https://reactjs.org/link/warning-keys for more information.
          at div
          at QuizList (/home/runner/work/quizzer/quizzer/src/quizzer/QuizList.tsx:9:5)
          at div
          at Quizzer (/home/runner/work/quizzer/quizzer/src/quizzer/Quizzer.tsx:24:35)
          at div
          at div
          at App (/home/runner/work/quizzer/quizzer/src/App.tsx:8:35)

      27 |
      28 |     return (
    > 29 |         <div className="quiz_list">
         |         ^
      30 |             {!displayId && (
      31 |                 <>
      32 |                     {quizzes.map((quiz: Quiz) => (

      at printWarning (node_modules/react/cjs/react-jsx-dev-runtime.development.js:117:30)
      at error (node_modules/react/cjs/react-jsx-dev-runtime.development.js:93:5)
      at validateExplicitKey (node_modules/react/cjs/react-jsx-dev-runtime.development.js:986:5)
      at validateChildKeys (node_modules/react/cjs/react-jsx-dev-runtime.development.js:1013:11)
      at jsxWithValidation (node_modules/react/cjs/react-jsx-dev-runtime.development.js:1174:15)
      at QuizList (src/quizzer/QuizList.tsx:29:9)
      at renderWithHooks (node_modules/react-dom/cjs/react-dom.development.js:14985:18)
      at mountIndeterminateComponent (node_modules/react-dom/cjs/react-dom.development.js:17811:13)

-------------------|---------|----------|---------|---------|--------------------------------------------
File               | % Stmts | % Branch | % Funcs | % Lines | Uncovered Line #s                          
-------------------|---------|----------|---------|---------|--------------------------------------------
All files          |   82.43 |    82.75 |   76.71 |   81.69 |                                            
 src               |   66.66 |       50 |      50 |   66.66 |                                            
  App.tsx          |   66.66 |       50 |      50 |   66.66 | 16                                         
 src/interfaces    |       0 |        0 |       0 |       0 |                                            
  question.ts      |       0 |        0 |       0 |       0 |                                            
  quiz.ts          |       0 |        0 |       0 |       0 |                                            
 src/quizzer       |   82.75 |    85.18 |   77.46 |   82.01 |                                            
  AddQuizModal.tsx |   64.28 |      100 |      40 |   64.28 | 38-57                                      
  QuestionEdit.tsx |   46.66 |    66.66 |      40 |   46.66 | 28-31,50-51,58-60,68-70,93-166,200,227,252 
  QuizCard.tsx     |     100 |       80 |     100 |     100 | 37                                         
  QuizEdit.tsx     |   85.18 |      100 |   73.33 |      84 | 35-37,70,100                               
  QuizExpanded.tsx |     100 |    85.71 |     100 |     100 | 73                                         
  QuizList.tsx     |     100 |      100 |     100 |     100 |                                            
  QuizQuestion.tsx |     100 |    85.71 |     100 |     100 | 26-33                                      
  QuizView.tsx     |     100 |      100 |     100 |     100 |                                            
  Quizzer.tsx      |     100 |      100 |     100 |     100 |                                            
-------------------|---------|----------|---------|---------|--------------------------------------------

Test Suites: 2 passed, 2 total
Tests:       15 passed, 15 total
Snapshots:   0 total
Time:        6.266 s
Ran all test suites.
